Scenario: empty
empty_test_stack_push_A          PASS
empty_test_stack_pop             PASS
empty_test_stack_peek            PASS

Tests: 3, Passed: 3, Failed: 0 (%100.000)
Total: 3, Passed: 3, Failed: 0 (%100.000)

Scenario: empty_pushA_A
empty_pushA_A_test_stack_push_B          PASS
empty_pushA_A_test_stack_pop             PASS
empty_pushA_A_test_stack_pop_pop         PASS
empty_pushA_A_test_stack_peek            PASS

Tests: 4, Passed: 4, Failed: 0 (%100.000)
Total: 7, Passed: 7, Failed: 0 (%100.000)

Scenario: A_pop_empty
A_pop_empty_test_stack_push_A          PASS
A_pop_empty_test_stack_pop             PASS
A_pop_empty_test_stack_peek            PASS

Tests: 3, Passed: 3, Failed: 0 (%100.000)
Total: 10, Passed: 10, Failed: 0 (%100.000)

Scenario: A_pushB_AB
A_pushB_AB_test_stack_push_C          PASS
A_pushB_AB_test_stack_pop             PASS
A_pushB_AB_test_stack_pop_pop         PASS
A_pushB_AB_test_stack_pop_pop_pop     PASS
A_pushB_AB_test_stack_peek            PASS

Tests: 5, Passed: 5, Failed: 0 (%100.000)
Total: 15, Passed: 15, Failed: 0 (%100.000)

Scenario: AB_pop_A
AB_pop_A_test_stack_push_B          PASS
AB_pop_A_test_stack_pop             PASS
AB_pop_A_test_stack_pop_pop         PASS
AB_pop_A_test_stack_peek            PASS

Tests: 4, Passed: 4, Failed: 0 (%100.000)
Total: 19, Passed: 19, Failed: 0 (%100.000)

Scenario: AB_pushC_ABC
AB_pushC_ABC_test_stack_push_X          PASS
AB_pushC_ABC_test_stack_pop             PASS
AB_pushC_ABC_test_stack_pop_pop         PASS
AB_pushC_ABC_test_stack_pop_pop_pop     PASS
AB_pushC_ABC_test_stack_pop_pop_pop_pop PASS
AB_pushC_ABC_test_stack_peek            PASS

Tests: 6, Passed: 6, Failed: 0 (%100.000)
Total: 25, Passed: 25, Failed: 0 (%100.000)

Scenario: ABC_pop_AB
ABC_pop_AB_test_stack_push_C          PASS
ABC_pop_AB_test_stack_pop             PASS
ABC_pop_AB_test_stack_pop_pop         PASS
ABC_pop_AB_test_stack_pop_pop_pop     PASS
ABC_pop_AB_test_stack_peek            PASS

Tests: 5, Passed: 5, Failed: 0 (%100.000)
Total: 30, Passed: 30, Failed: 0 (%100.000)

